export const snapshot = {};

snapshot[`arg_get 1`] = `""`;

snapshot[`environ_get 1`] = `""`;

snapshot[`fd_fdstat_get 1`] = `
"{fs_filetype: Unknown, fs_flags: FdFlag(0), fs_rights_base: Right(64), fs_rights_inheriting: Right(64)}
{fs_filetype: Directory, fs_flags: FdFlag(0), fs_rights_base: Right(129498624), fs_rights_inheriting: Right(267911167)}
"
`;

snapshot[`fd_write 1`] = `
"Hello
Size(6)"
`;
